------------------------------------------------------------
Timing Analyzer Summary
------------------------------------------------------------

Type  : Slow 1200mV 85C Model Setup 'reg_acoplo_3:inst16|selfalgs[0]'
Slack : -9.942
TNS   : -133.789

Type  : Slow 1200mV 85C Model Setup 'RELOJ'
Slack : -4.995
TNS   : -257.058

Type  : Slow 1200mV 85C Model Hold 'reg_acoplo_3:inst16|selfalgs[0]'
Slack : 0.256
TNS   : 0.000

Type  : Slow 1200mV 85C Model Hold 'RELOJ'
Slack : 0.380
TNS   : 0.000

Type  : Slow 1200mV 85C Model Minimum Pulse Width 'RELOJ'
Slack : -3.000
TNS   : -194.823

Type  : Slow 1200mV 85C Model Minimum Pulse Width 'reg_acoplo_3:inst16|selfalgs[0]'
Slack : 0.313
TNS   : 0.000

Type  : Slow 1200mV 0C Model Setup 'reg_acoplo_3:inst16|selfalgs[0]'
Slack : -9.650
TNS   : -129.950

Type  : Slow 1200mV 0C Model Setup 'RELOJ'
Slack : -4.773
TNS   : -235.922

Type  : Slow 1200mV 0C Model Hold 'reg_acoplo_3:inst16|selfalgs[0]'
Slack : 0.243
TNS   : 0.000

Type  : Slow 1200mV 0C Model Hold 'RELOJ'
Slack : 0.339
TNS   : 0.000

Type  : Slow 1200mV 0C Model Minimum Pulse Width 'RELOJ'
Slack : -3.000
TNS   : -194.823

Type  : Slow 1200mV 0C Model Minimum Pulse Width 'reg_acoplo_3:inst16|selfalgs[0]'
Slack : 0.104
TNS   : 0.000

Type  : Fast 1200mV 0C Model Setup 'reg_acoplo_3:inst16|selfalgs[0]'
Slack : -3.502
TNS   : -43.632

Type  : Fast 1200mV 0C Model Setup 'RELOJ'
Slack : -1.632
TNS   : -51.423

Type  : Fast 1200mV 0C Model Hold 'reg_acoplo_3:inst16|selfalgs[0]'
Slack : 0.054
TNS   : 0.000

Type  : Fast 1200mV 0C Model Hold 'RELOJ'
Slack : 0.155
TNS   : 0.000

Type  : Fast 1200mV 0C Model Minimum Pulse Width 'RELOJ'
Slack : -3.000
TNS   : -137.330

Type  : Fast 1200mV 0C Model Minimum Pulse Width 'reg_acoplo_3:inst16|selfalgs[0]'
Slack : 0.323
TNS   : 0.000

------------------------------------------------------------
