------------------------------------------------------------
Timing Analyzer Summary
------------------------------------------------------------

Type  : Slow 1200mV 85C Model Setup 'reg_acoplo_3:inst16|selfalgs[1]'
Slack : -9.308
TNS   : -158.386

Type  : Slow 1200mV 85C Model Setup 'RELOJ'
Slack : -5.416
TNS   : -378.181

Type  : Slow 1200mV 85C Model Hold 'reg_acoplo_3:inst16|selfalgs[1]'
Slack : 0.213
TNS   : 0.000

Type  : Slow 1200mV 85C Model Hold 'RELOJ'
Slack : 0.446
TNS   : 0.000

Type  : Slow 1200mV 85C Model Minimum Pulse Width 'RELOJ'
Slack : -3.000
TNS   : -198.078

Type  : Slow 1200mV 85C Model Minimum Pulse Width 'reg_acoplo_3:inst16|selfalgs[1]'
Slack : 0.243
TNS   : 0.000

Type  : Slow 1200mV 0C Model Setup 'reg_acoplo_3:inst16|selfalgs[1]'
Slack : -8.830
TNS   : -150.156

Type  : Slow 1200mV 0C Model Setup 'RELOJ'
Slack : -5.096
TNS   : -356.289

Type  : Slow 1200mV 0C Model Hold 'reg_acoplo_3:inst16|selfalgs[1]'
Slack : 0.019
TNS   : 0.000

Type  : Slow 1200mV 0C Model Hold 'RELOJ'
Slack : 0.345
TNS   : 0.000

Type  : Slow 1200mV 0C Model Minimum Pulse Width 'RELOJ'
Slack : -3.000
TNS   : -199.161

Type  : Slow 1200mV 0C Model Minimum Pulse Width 'reg_acoplo_3:inst16|selfalgs[1]'
Slack : 0.128
TNS   : 0.000

Type  : Fast 1200mV 0C Model Setup 'reg_acoplo_3:inst16|selfalgs[1]'
Slack : -3.271
TNS   : -52.472

Type  : Fast 1200mV 0C Model Setup 'RELOJ'
Slack : -2.085
TNS   : -91.480

Type  : Fast 1200mV 0C Model Hold 'reg_acoplo_3:inst16|selfalgs[1]'
Slack : 0.119
TNS   : 0.000

Type  : Fast 1200mV 0C Model Hold 'RELOJ'
Slack : 0.189
TNS   : 0.000

Type  : Fast 1200mV 0C Model Minimum Pulse Width 'RELOJ'
Slack : -3.000
TNS   : -139.005

Type  : Fast 1200mV 0C Model Minimum Pulse Width 'reg_acoplo_3:inst16|selfalgs[1]'
Slack : 0.346
TNS   : 0.000

------------------------------------------------------------
